3142329.900 3008041.900 2843885.800 2645236.500 2422396.900 2170289.900 1889783.900 1598424.500 1297792.800 982980.600 660182.400 347573.500 297797.400 593058.900 872831.300 1170684.400 1445181.300 1718118.400 1969654.300 2208165.900 2422123.600 2583608.800 2703251.000 2776565.500
