1 1066189.500
2 946735.700
3 996312.900
4 999304.700
5 1579973.200
6 1741181.500
7 1722730.700
8 1692413.600
