1 586489.300
2 551158.000
3 588861.500
4 580773.700
5 590018.000
6 600295.400
7 602251.700
8 598619.300
