945714.200 946735.700 947415.300 940156.400 921768.800 888167.100 819504.900 745130.800 634146.000 502442.100 343908.500 180093.300 148060.000 293897.500 432153.600 551158.000 647121.000 719233.600 766511.200 796908.200 819089.400 835775.600 844326.800 857897.900
