1031562.600 1066189.500 1097329.600 1127245.000 1125369.300 1065903.300 965157.000 835336.300 681375.000 521705.400 349562.800 180650.300 148274.900 297880.100 444255.200 586489.300 718226.800 825087.600 887482.500 888812.600 857158.200 823890.600 803414.700 781808.200
