1 1257198.700
2 2400567.400
3 1164764.600
4 1182707.300
5 10857948.400
6 11448327.800
7 11217853.200
8 11440044.100
