1 1177360.900
2 1714925.400
3 1099119.000
4 1102120.900
5 5048635.700
6 6316799.200
7 6146724.500
8 5648098.900
