1 1614480.500
2 1881546.200
3 1532382.100
4 1522446.600
5 5541390.600
6 6157678.700
7 5796111.500
8 5764974.000
