5484405.200 5560767.700 5620052.500 5541390.600 5346451.000 5233464.000 4797358.200 4300160.400 3686469.200 2973453.900 2143229.300 1320637.400 1375721.200 2286437.500 3261162.900 3952931.300 4392454.900 4736979.000 4966734.200 4989074.700 5043726.900 5048635.700 4995451.600 4864423.800
