1833761.800 1843685.100 1869669.400 1881546.200 1918298.700 1923997.200 1944114.000 1964133.400 1978371.500 1904454.000 1685729.100 1279506.400 1217132.700 1678203.000 1811312.300 1766135.000 1751759.500 1730942.700 1733034.200 1723932.100 1735034.800 1714925.400 1689529.000 1677525.000
