5676071.700 5736523.000 5721545.600 5764974.000 5621440.800 5371624.000 5016411.900 4479259.800 3808620.700 3023692.400 2145934.200 1320100.400 1383001.500 2494160.800 3462171.800 4307929.600 4809632.900 5428979.100 5665851.500 5675301.700 5769215.900 5648098.900 5530277.600 5361325.900
