1455250.000 1496387.000 1545860.500 1614480.500 1687346.700 1726403.600 1720422.100 1787567.600 1843812.500 1877247.800 1743001.000 1321547.800 1236186.300 1648080.500 1666203.300 1583591.300 1491625.200 1385860.900 1324927.500 1244035.300 1213127.800 1177360.900 1145218.700 1114079.200
