1 682414.200
2 478359.100
3 632246.700
4 629149.300
5 719491.800
6 765567.700
7 756754.500
8 752867.000
