1 495621.900
2 386497.200
3 474454.700
4 469976.000
5 617632.700
6 706598.300
7 702544.800
8 664419.400
