1 220116.900
2 217186.800
3 219276.700
4 219659.200
5 219933.100
6 220565.700
7 218770.000
8 220141.300
