800644.800 752867.000 695383.900 635178.200 565440.700 504398.600 434951.000 364380.200 290366.600 220141.300 146725.200 75494.800 60868.900 122256.900 183205.300 241418.100 303581.100 362923.200 420710.900 479859.600 534081.800 584874.700 634493.100 664419.400
