1 206482.200
2 203959.800
3 205876.100
4 205688.600
5 205967.000
6 206653.300
7 206181.000
8 206383.600
