1 559127.300
2 478190.700
3 554624.100
4 552516.600
5 554198.400
6 560818.100
7 554267.400
8 557334.500
