1 649770.900
2 446328.600
3 583002.800
4 590209.100
5 707433.100
6 806417.900
7 795298.500
8 775979.900
