3769480.200 3830005.600 3868881.500 3892714.800 3846688.200 3583386.500 3347120.000 2987035.500 2507457.400 1990961.500 1388011.200 816210.700 780409.500 1453206.700 2091054.200 2613625.600 3020079.200 3264434.900 3353793.800 3440916.000 3405116.400 3367923.700 3293395.400 3228722.600
