1 1153591.000
2 1711202.400
3 1069312.700
4 1063474.900
5 4428394.400
6 5181085.000
7 5148750.100
8 4944930.400
