1 1296211.600
2 1712276.100
3 1246757.700
4 1251951.900
5 3487138.800
6 3729113.100
7 3753799.800
8 3706050.500
