1349304.400 1400674.500 1463528.600 1525460.400 1594769.100 1639508.100 1655470.900 1660029.500 1632344.400 1465070.500 1116502.700 647108.900 577601.700 1064256.500 1365683.300 1462332.100 1397439.900 1315544.300 1251951.900 1181170.600 1138846.300 1105873.400 1063474.900 1037442.200
