1 2040976.100
2 2507708.700
3 1903922.600
4 1910994.800
5 7016658.400
6 7283780.900
7 6916367.200
8 7047608.100
