1 1612177.900
2 2274108.800
3 1491607.500
4 1487792.400
5 7556539.900
6 8063712.600
7 7565853.400
8 7581491.800
