1 1927981.400
2 2403899.200
3 1817715.500
4 1794421.700
5 6471808.900
6 6627962.600
7 6549676.500
8 6487181.200
