1 1764539.200
2 2363629.800
3 1645351.200
4 1644118.300
5 7361325.100
6 7685216.800
7 7170040.300
8 7304922.700
