1431647.100 1491607.500 1566664.000 1645351.200 1718205.300 1817715.500 1844723.300 1887065.600 1997737.200 2014990.600 1895508.600 1330331.900 1346445.900 1815436.700 1770463.300 1646251.300 1532634.300 1397292.800 1332642.400 1240270.100 1204570.000 1161393.800 1127431.800 1105554.900
