8038724.000 8063712.600 7964218.100 7685216.800 7304284.500 6627962.600 5939063.400 5167523.600 4313559.300 3366424.300 2314394.200 1352301.200 1467029.000 2692118.500 3852960.800 4999842.100 5967602.500 6851410.900 7528179.200 7759468.400 8274077.500 8400139.200 8443348.200 8362988.900
