7420183.800 7581491.800 7451962.900 7304922.700 6966550.400 6487181.200 5919220.200 5175578.800 4307127.600 3372297.700 2315894.400 1342109.800 1463181.400 2691819.900 3906825.400 4962051.600 5949673.300 6708047.600 7551470.500 8052542.800 8189507.100 8293863.800 8269953.600 8242876.400
