1 1429172.500
2 2414882.200
3 1369535.000
4 1361661.700
5 10680082.100
6 10933647.900
7 11087506.000
8 10690437.500
