1 1180242.000
2 1688919.200
3 1100971.200
4 1102756.300
5 5246371.900
6 6405884.600
7 6223309.700
8 5739528.900
