1 1281593.900
2 1729383.400
3 1186316.900
4 1179895.700
5 5425034.600
6 6702211.600
7 6606374.200
8 6050415.400
