5591894.100 5694536.800 5860292.700 6028644.200 6091883.800 6055064.500 5794085.700 5326925.900 4833956.000 3953088.200 2911081.100 2018620.800 2441320.100 3775500.900 5006993.000 5682681.200 6043637.000 6208364.800 6119980.700 6050415.400 5920423.200 5739528.900 5558242.100 5488536.800
