1 1913687.400
2 2266134.300
3 2056678.600
4 2034282.800
5 2585001.100
6 2617266.600
7 2572807.600
8 2615178.500
