1 1614320.900
2 2200825.300
3 1489558.900
4 1511134.500
5 7667680.500
6 8182338.300
7 8161450.300
8 8188263.300
