1 1979619.100
2 2434351.800
3 1841417.000
4 1871391.300
5 7216965.700
6 7535099.300
7 7187787.200
8 7188913.200
