1445397.700 1478218.100 1545442.100 1639129.400 1734911.000 1835392.200 1841417.000 1906383.100 2022361.500 2124246.800 2106334.100 2028422.900 2056678.600 1949906.300 1763777.300 1695363.000 1489558.900 1395405.300 1332271.100 1250635.600 1200908.000 1159106.500 1127948.200 1105107.200
