1 404207.300
2 401029.800
3 411543.500
4 409000.100
5 408586.700
6 413074.000
7 415167.200
8 410343.500
