1 757023.300
2 671076.300
3 745673.500
4 753752.500
5 778002.000
6 797388.800
7 796176.000
8 792207.700
