1 1025900.900
2 899269.900
3 949802.900
4 950688.900
5 1521060.000
6 1805153.000
7 1773555.500
8 1686859.300
