2079631.800 2077239.000 2095888.500 2085783.800 2061924.100 1984286.100 1886502.800 1718797.300 1481771.400 1184303.600 830271.100 470943.200 408586.700 778002.000 1105626.900 1349024.500 1521060.000 1627305.900 1682366.700 1732147.900 1757342.800 1747800.700 1709511.900 1720334.100
