979048.600 1008870.600 1035762.600 1072590.900 1095150.600 1141246.700 1150651.700 1171428.200 1164957.700 1066217.300 804809.900 470393.800 409000.100 753752.500 961052.500 992535.600 950688.900 917434.600 884077.400 856665.300 821325.700 796553.600 769823.400 748900.300
