1 1864585.200
2 2492146.900
3 1746989.200
4 1738857.400
5 9603738.000
6 9579852.100
7 8713591.100
8 8507278.700
