1 844373.100
2 780742.900
3 798542.700
4 805613.800
5 1850343.100
6 2137986.800
7 2127579.000
8 1831442.800
