1 1231161.700
2 1071882.400
3 1158951.500
4 1161639.300
5 2269886.000
6 2653851.000
7 2633219.000
8 2496602.600
