975025.100 1009447.900 1048818.400 1078768.800 1116753.100 1130653.700 1158951.500 1186954.300 1216562.600 1223035.700 1216497.900 1006388.100 952685.900 1066766.000 1057870.000 1022326.200 975248.800 930785.400 896985.400 859414.500 836836.200 798542.700 777594.400 762619.600
