2167261.800 2181920.300 2234614.600 2273089.900 2318773.200 2298846.700 2269886.000 2219614.600 2098646.300 1866386.300 1476214.200 1026634.400 982684.000 1500041.600 1794400.700 1897122.700 1965340.000 1974587.600 1952484.600 1921831.600 1894237.300 1850343.100 1807810.000 1759185.300
