654476.900 679145.900 698811.000 723271.100 754988.900 776662.400 799621.800 828013.800 855640.300 910091.000 785668.500 512249.600 457592.300 725410.400 713241.700 684927.500 655701.000 627170.200 601412.300 568607.700 552325.900 534545.800 514603.400 503245.300
