627611.600 651911.200 674228.200 690795.700 714223.400 731294.800 753888.600 768524.500 781294.800 789544.600 770730.800 521057.900 460904.400 642648.100 660626.800 645570.600 625452.100 598736.200 578240.800 556677.900 543152.400 520463.000 510883.200 500637.600
